// Jest Snapshot v1, https://goo.gl/fbAQLP

exports[`Snapshots should match snapshot from DOM Element 1`] = `
<div>
  
      
  <h1>
    Some title
  </h1>
  
      
  <h2>
    Some subtitle
  </h2>
  
      
  <p>
    Some paragraph
  </p>
  
    
</div>
`;

exports[`Snapshots should match snapshot from OBJECT 1`] = `
Object {
  "a": 1,
  "b": "OK",
  "c": true,
  "d": [Function],
  "e": Array [
    2,
    "OK",
    true,
    [Function],
  ],
}
`;
